\BOOKMARK [1][-]{section.1}{\376\377\166\370\167\351\226\065\166\204\147\204\136\372\116\016\213\241\173\227}{}% 1
\BOOKMARK [2][-]{subsection.1.1}{\376\377\166\370\167\351\226\065\151\202\137\365}{section.1}% 2
\BOOKMARK [2][-]{subsection.1.2}{\376\377\127\120\150\007\174\373\123\330\143\142}{section.1}% 3
\BOOKMARK [2][-]{subsection.1.3}{\376\377\145\143\134\004\174\373\145\160\116\016\166\370\167\351\226\065\166\204\121\163\174\373}{section.1}% 4
\BOOKMARK [2][-]{subsection.1.4}{\376\377\204\231\162\171\123\141\155\033\173\227\154\325\133\236\163\260}{section.1}% 5
\BOOKMARK [1][-]{section.2}{\376\377\167\342\221\317\217\220\134\004\117\040\217\223\145\271\172\013\154\102\211\343}{}% 6
\BOOKMARK [2][-]{subsection.2.1}{\376\377\167\342\221\317\217\220\134\004\117\040\217\223\145\271\172\013}{section.2}% 7
\BOOKMARK [2][-]{subsection.2.2}{\376\377\176\246\123\026\230\171\116\016\157\053\134\004\230\171\122\006\211\343}{section.2}% 8
\BOOKMARK [2][-]{subsection.2.3}{\376\377\145\271\117\115\211\322\120\205\221\314\123\366\134\125\137\000}{section.2}% 9
\BOOKMARK [2][-]{subsection.2.4}{\376\377\171\273\145\143\127\120\150\007\154\325\116\016\000\040\000O\000D\000E\000\040\145\271\172\013\176\304\147\204\136\372}{section.2}% 10
\BOOKMARK [2][-]{subsection.2.5}{\376\377\162\171\137\201\120\074\154\325\154\102\211\343\116\016\217\271\165\114\147\141\116\366}{section.2}% 11
\BOOKMARK [3][-]{subsubsection.2.5.1}{\376\377\162\171\211\343}{subsection.2.5}% 12
\BOOKMARK [3][-]{subsubsection.2.5.2}{\376\377\237\120\153\041\211\343}{subsection.2.5}% 13
\BOOKMARK [3][-]{subsubsection.2.5.3}{\376\377\217\271\165\114\147\141\116\366}{subsection.2.5}% 14
\BOOKMARK [3][-]{subsubsection.2.5.4}{\376\377\226\352\227\142\124\021\116\012\157\053\134\004\217\220\134\004}{subsection.2.5}% 15
\BOOKMARK [2][-]{subsection.2.6}{\376\377\173\227\154\325\155\101\172\013\116\016\116\343\170\001\133\236\163\260}{section.2}% 16
\BOOKMARK [1][-]{section.3}{\376\377\226\352\227\142\123\315\134\004\162\171\140\047\213\241\173\227}{}% 17
\BOOKMARK [2][-]{subsection.3.1}{\376\377\123\314\124\021\123\315\134\004\122\006\136\003\121\375\145\160\377\010\000B\000R\000D\000F\377\011}{section.3}% 18
\BOOKMARK [2][-]{subsection.3.2}{\376\377\123\112\164\003\123\315\161\147\163\207\377\010\000A\000l\000b\000e\000d\000o\377\011}{section.3}% 19
\BOOKMARK [2][-]{subsection.3.3}{\376\377\124\004\124\021\137\002\140\047\123\315\134\004\126\340\133\120\377\010\000A\000R\000F\377\011}{section.3}% 20
\BOOKMARK [2][-]{subsection.3.4}{\376\377\147\201\123\026\123\314\124\021\123\315\134\004\122\006\136\003\121\375\145\160\377\010\147\201\123\026\000\040\000B\000R\000D\000F\377\011}{section.3}% 21
\BOOKMARK [2][-]{subsection.3.5}{\376\377\145\160\120\074\176\323\147\234}{section.3}% 22
\BOOKMARK [1][-]{section.4}{\376\377\116\016\163\260\133\236\226\352\134\102\123\302\145\160\166\204\200\124\174\373}{}% 23
\BOOKMARK [1][-]{section.5}{\376\377\145\164\117\123\230\171\166\356\140\073\176\323\116\016\134\125\147\033}{}% 24
\BOOKMARK [2][-]{subsection.5.1}{\376\377\133\214\145\164\213\241\173\227\224\376\215\357}{section.5}% 25
\BOOKMARK [2][-]{subsection.5.2}{\376\377\133\130\127\050\225\356\230\230}{section.5}% 26
\BOOKMARK [2][-]{subsection.5.3}{\376\377\147\052\147\145\145\271\124\021}{section.5}% 27
